// Jest Snapshot v1, https://goo.gl/fbAQLP

exports[`Navbar should render 1`] = `
<div>
  <div
    class="max-w-sm rounded overflow-hidden shadow-lg mt-10"
  >
    <img
      alt="test title"
      class="post-preview__image"
      src="test_image.jpg"
    />
    <h3
      class="px-6 py-4 font-bold text-purple-500 text-xl uppercase"
    >
      test title
    </h3>
    <hr
      class="py-2"
    />
    <div
      class="px-6 mx-auto"
    >
      <span
        class="inline-block bg-gray-200 rounded-full text-sm font-semibold text-gray-700 mr-2"
      >
        these
      </span>
      <span
        class="inline-block bg-gray-200 rounded-full text-sm font-semibold text-gray-700 mr-2"
      >
        are
      </span>
      <span
        class="inline-block bg-gray-200 rounded-full text-sm font-semibold text-gray-700 mr-2"
      >
        test
      </span>
      <span
        class="inline-block bg-gray-200 rounded-full text-sm font-semibold text-gray-700 mr-2"
      >
        tags
      </span>
    </div>
    <p
      class="px-6 py-4 text-gray-700 text-base text-justify"
    >
      test description
    </p>
    <a
      class="max-w-sm px-4 py-4 float-right"
      href="/test path"
    >
      <button
        class="bg-transparent hover:bg-purple-500 text-purple-900 font-semibold hover:text-white py-2 px-2 border border-purple-500 hover:border-transparent rounded"
      >
        Read More
      </button>
    </a>
  </div>
</div>
`;
