// Jest Snapshot v1, https://goo.gl/fbAQLP

exports[`Navbar should render 1`] = `
<div>
  <div
    class="bg-white shadow-lg"
  >
    <div
      class="xl:container xl:mx-auto sm:flex sm:items-center sm:px-4 sm:py-3 flex items-center justify-center md:justify-between px-4 py-3 sm:p-0"
    >
      <div
        class="text-center"
      >
        <a
          class="text-purple-700 font-bold uppercase"
          href="/"
        >
          Diary of a Web Developer
        </a>
      </div>
      <div
        class="px-2 pt-2 pb-4 sm:flex sm:p-0"
      >
        <a
          class="mt-1 block px-2 py-1 text-purple-700 rounded hover:text-purple-900 sm:mt-0 sm:ml-2 hidden md:flex"
          href="https://github.com/Stavrospanakakis"
        >
          Projects
        </a>
        <a
          class="mt-1 block px-2 py-1 text-purple-700 rounded hover:text-purple-900 sm:mt-0 sm:ml-2 hidden md:flex"
          href="https://stavrospanakakis.com/cv/"
        >
          Resume
        </a>
      </div>
    </div>
  </div>
</div>
`;
