// Jest Snapshot v1, https://goo.gl/fbAQLP

exports[`Layout should render 1`] = `
<div>
  <div
    class="xl:container xl:mx-auto"
  >
    <div
      class="bg-gray-900 sm:flex sm:justify-between sm:items-center sm:px-4 sm:py-3 flex items-center justify-center md:justify-between px-4 py-3 sm:p-0"
    >
      <div
        class=""
      >
        <a
          class="text-white font-bold uppercase"
          href="/"
        >
          Diary of a Web Developer
        </a>
      </div>
      <div
        class="px-2 pt-2 pb-4 sm:flex sm:p-0"
      >
        <a
          class="mt-1 block px-2 py-1 text-white rounded hover:bg-gray-800 sm:mt-0 sm:ml-2 hidden md:flex"
          href="https://github.com"
        >
          Projects
        </a>
        <a
          class="mt-1 block px-2 py-1 text-white rounded hover:bg-gray-800 sm:mt-0 sm:ml-2 hidden md:flex"
          href="https://resume.com"
        >
          Resume
        </a>
      </div>
    </div>
    <div
      class="block md:grid md:grid-cols-3 md:gap-4"
    />
  </div>
</div>
`;
