// Jest Snapshot v1, https://goo.gl/fbAQLP

exports[`Sidebar should render 1`] = `
<div>
  <div
    class="sidebar rounded overflow-hidden border-solid md:col-span-1"
  >
    <img
      alt="Stavros Panakakis"
      class="w-5/6 h-5/6 rounded-full mx-auto mt-5 "
      src="profile.jpg"
    />
    <div
      class="px-6 py-4 font-bold text-purple-500 text-xl "
    >
      Stavros Panakakis
    </div>
    <div
      class="px-6 text-md"
    >
      Web Developer
    </div>
    <div
      class="px-6 py-4 text-gray-700 text-base text-justify"
    >
      I am a passionate Undergraduate Student interested in web apps and modern technologies. I mainly focus on Web Development working with containers and microservices. 
In this blog, I write my thoughts and experiances as a CS Student.
    </div>
    <hr
      class="px-6 py-2"
    />
    <div
      class="flex items-stretch text-center "
    >
      <a
        class="flex-1 text-gray-700 w-8 h-8"
        href="https://linkedin.com/in/stavrospanakakis/"
      >
        <i
          class="fa fa-linkedin"
        />
      </a>
      <a
        class="flex-1 text-gray-700 w-8 h-8"
        href="https://instagram.com/stavrospanakakis"
      >
        <i
          class="fa fa-instagram"
        />
      </a>
      <a
        class="flex-1 text-gray-700 w-8 h-8"
        href="https://twitter.com/stavepan"
      >
        <i
          class="fa fa-twitter"
        />
      </a>
      <a
        class="flex-1 text-gray-700 w-8 h-8"
        href="https://github.com/Stavrospanakakis"
      >
        <i
          class="fa fa-github"
        />
      </a>
    </div>
  </div>
</div>
`;
